
    filter: on (showing 3 of 3 apps)  x action filter: off
  ┌───────────────┬─────────┬───────────┬────────────────────────────────────────────────────────┐
  │ name ↑        │ status  │ info      │ path                                                   │
  ├───────────────┼─────────┼───────────┼────────────────────────────────────────────────────────┤
  │ ▶ bash        │ Unknown │ 1 entry   │                                                        │
  │ ▼ nvim        │ Unknown │ 4 entries │                                                        │
  │   ├─ settings │ ⣾       │ folder    │ /tmp/tidydots-test-                                    │
  │               │         │           │ nonexistent/.config/nvim/lua/settings.lua              │
  │   ├─ init.lua │ ⣾       │ folder    │ /tmp/tidydots-test-nonexistent/.config/nvim/init.lua   │
  │   ├─ mappings │ ⣾       │ folder    │ /tmp/tidydots-test-                                    │
  │               │         │           │ nonexistent/.config/nvim/lua/mappings.lua              │
  │   └─ plugins  │ ⣾       │ folder    │ /tmp/tidydots-test-                                    │
  │               │         │           │ nonexistent/.config/nvim/lua/plugins                   │
  │ ▶ zsh         │ Unknown │ 1 entry   │                                                        │
  └───────────────┴─────────┴───────────┴────────────────────────────────────────────────────────┘


  / search  x actions  ctrl+u half page up  ctrl+d half page down  gg top  G bottom  Add app
  add entry  edit  delete  restore  foRce restore  ctrl+r refresh  install  quit