
    filter: on (showing 5 of 5 apps)
  ┌───────────────────────┬───────────────────────┬───────────────────────┬──────────────────────┐
  │ name ↑                │ status                │ info                  │ path                 │
  ├───────────────────────┼───────────────────────┼───────────────────────┼──────────────────────┤
  │ ▶ bash                │ Installed             │ 1 entry               │                      │
  │ ▶ git                 │ Missing               │ 1 entry               │                      │
  │ ▶ nvim                │ Installed             │ 1 entry               │                      │
  │ ▶ tmux                │ Installed             │ 1 entry               │                      │
  │ ▶ zsh                 │ Installed             │ 1 entry               │                      │
  └───────────────────────┴───────────────────────┴───────────────────────┴──────────────────────┘


  / search  Add app  add entry  edit  delete  restore  install  quit