
    filter: on (showing 4 of 4 apps)
  ┌───────────────────────┬───────────────────────┬───────────────────────┬──────────────────────┐
  │ name ↑                │ status                │ info                  │ path                 │
  ├───────────────────────┼───────────────────────┼───────────────────────┼──────────────────────┤
  │ ▶ bash                │ Unknown               │ 1 entry               │                      │
  │ ▶ git                 │ Unknown               │ 1 entry               │                      │
  │ ▶ nvim                │ Unknown               │ 2 entries             │                      │
  │ ▶ zsh                 │ Unknown               │ 1 entry               │                      │
  └───────────────────────┴───────────────────────┴───────────────────────┴──────────────────────┘
      2 app(s), 0 item(s) selected

  tab toggle     restore  install  delete  quit