
    filter: on (showing 25 of 25 apps)
  ┌──────────────────────┬──────────────────────┬─────────────────────┬──────────────────────────┐
  │ name ↑               │ status               │ info                │ path                     │
  ├──────────────────────┼──────────────────────┼─────────────────────┼──────────────────────────┤
  │ ▶ app-01             │ Unknown              │ 1 entry             │                          │
  │ ▶ app-02             │ Unknown              │ 1 entry             │                          │
  │ ▶ app-03             │ Unknown              │ 1 entry             │                          │
  │ ▶ app-04             │ Unknown              │ 1 entry             │                          │
  │ ▶ app-05             │ Unknown              │ 1 entry             │                          │
  │ ▶ app-06             │ Unknown              │ 1 entry             │                          │
  │ ▶ app-07             │ Unknown              │ 1 entry             │                          │
  │ ▼ app-08             │ Unknown              │ 5 entries           │                          │
  │   ├─ entry-5         │ Loading...           │ folder              │ ~/.config/app-08/entry-5 │
  │   ├─ entry-1         │ Loading...           │ folder              │ ~/.config/app-08/entry-1 │
  │   ├─ entry-2         │ Loading...           │ folder              │ ~/.config/app-08/entry-2 │
  │   ├─ entry-3         │ Loading...           │ folder              │ ~/.config/app-08/entry-3 │
  │   └─ entry-4         │ Loading...           │ folder              │ ~/.config/app-08/entry-4 │
  │ ▶ app-09             │ Unknown              │ 1 entry             │                          │
  │ ▶ app-10             │ Unknown              │ 1 entry             │                          │
  │ ▶ app-11             │ Unknown              │ 1 entry             │                          │
  │ ▶ app-12             │ Unknown              │ 1 entry             │                          │
  │ ▶ app-13             │ Unknown              │ 1 entry             │                          │
  │ ↓ 12 more below      │                      │                     │                          │
  └──────────────────────┴──────────────────────┴─────────────────────┴──────────────────────────┘


  / search  Add app  add entry  edit  delete  restore  quit