
    filter: on (showing 40 of 40 apps)  x action filter: off
  ┌───────────────────────┬───────────────────────┬───────────────────────┬──────────────────────┐
  │ name ↑                │ status                │ info                  │ path                 │
  ├───────────────────────┼───────────────────────┼───────────────────────┼──────────────────────┤
  │ ↑ 7 more above        │                       │                       │                      │
  │ ▶ app-08              │ Unknown               │ 1 entry               │                      │
  │ ▶ app-09              │ Unknown               │ 1 entry               │                      │
  │ ▶ app-10              │ Unknown               │ 1 entry               │                      │
  │ ▶ app-11              │ Unknown               │ 1 entry               │                      │
  │ ▶ app-12              │ Unknown               │ 1 entry               │                      │
  │ ▶ app-13              │ Unknown               │ 1 entry               │                      │
  │ ▶ app-14              │ Unknown               │ 1 entry               │                      │
  │ ▶ app-15              │ Unknown               │ 1 entry               │                      │
  │ ▶ app-16              │ Unknown               │ 1 entry               │                      │
  │ ▶ app-17              │ Unknown               │ 1 entry               │                      │
  │ ▶ app-18              │ Unknown               │ 1 entry               │                      │
  │ ▶ app-19              │ Unknown               │ 1 entry               │                      │
  │ ▶ app-20              │ Unknown               │ 1 entry               │                      │
  │ ▶ app-21              │ Unknown               │ 1 entry               │                      │
  │ ▶ app-22              │ Unknown               │ 1 entry               │                      │
  │ ▶ app-23              │ Unknown               │ 1 entry               │                      │
  │ ↓ 17 more below       │                       │                       │                      │
  └───────────────────────┴───────────────────────┴───────────────────────┴──────────────────────┘


  / search  x actions  ctrl+u half page up  ctrl+d half page down  gg top  G bottom  Add app
  add entry  edit  delete  restore  ctrl+r refresh  install  quit