
    filter: on (showing 40 of 40 apps)
  ┌───────────────────────┬───────────────────────┬───────────────────────┬──────────────────────┐
  │ name ↑                │ status                │ info                  │ path                 │
  ├───────────────────────┼───────────────────────┼───────────────────────┼──────────────────────┤
  │ ↑ 20 more above       │                       │                       │                      │
  │ ▶ app-21              │ Missing               │ 1 entry               │                      │
  │ ▶ app-22              │ Missing               │ 1 entry               │                      │
  │ ▶ app-23              │ Missing               │ 1 entry               │                      │
  │ ▶ app-24              │ Missing               │ 1 entry               │                      │
  │ ▶ app-25              │ Missing               │ 1 entry               │                      │
  │ ▶ app-26              │ Missing               │ 1 entry               │                      │
  │ ▶ app-27              │ Missing               │ 1 entry               │                      │
  │ ▶ app-28              │ Missing               │ 1 entry               │                      │
  │ ▶ app-29              │ Missing               │ 1 entry               │                      │
  │ ▶ app-30              │ Missing               │ 1 entry               │                      │
  │ ▶ app-31              │ Missing               │ 1 entry               │                      │
  │ ▶ app-32              │ Missing               │ 1 entry               │                      │
  │ ▶ app-33              │ Missing               │ 1 entry               │                      │
  │ ▶ app-34              │ Missing               │ 1 entry               │                      │
  │ ▶ app-35              │ Missing               │ 1 entry               │                      │
  │ ▶ app-36              │ Missing               │ 1 entry               │                      │
  │ ▶ app-37              │ Missing               │ 1 entry               │                      │
  │ ▶ app-38              │ Missing               │ 1 entry               │                      │
  │ ▶ app-39              │ Missing               │ 1 entry               │                      │
  │ ▶ app-40              │ Missing               │ 1 entry               │                      │
  └───────────────────────┴───────────────────────┴───────────────────────┴──────────────────────┘


  / search  Add app  add entry  edit  delete  restore  install  quit