
    filter: on (showing 40 of 40 apps)  x action filter: off
  ┌───────────────────────┬───────────────────────┬───────────────────────┬──────────────────────┐
  │ name ↑                │ status                │ info                  │ path                 │
  ├───────────────────────┼───────────────────────┼───────────────────────┼──────────────────────┤
  │ ↑ 23 more above       │                       │                       │                      │
  │ ▶ app-24              │ Unknown               │ 1 entry               │                      │
  │ ▶ app-25              │ Unknown               │ 1 entry               │                      │
  │ ▶ app-26              │ Unknown               │ 1 entry               │                      │
  │ ▶ app-27              │ Unknown               │ 1 entry               │                      │
  │ ▶ app-28              │ Unknown               │ 1 entry               │                      │
  │ ▶ app-29              │ Unknown               │ 1 entry               │                      │
  │ ▶ app-30              │ Unknown               │ 1 entry               │                      │
  │ ▶ app-31              │ Unknown               │ 1 entry               │                      │
  │ ▶ app-32              │ Unknown               │ 1 entry               │                      │
  │ ▶ app-33              │ Unknown               │ 1 entry               │                      │
  │ ▶ app-34              │ Unknown               │ 1 entry               │                      │
  │ ▶ app-35              │ Unknown               │ 1 entry               │                      │
  │ ▶ app-36              │ Unknown               │ 1 entry               │                      │
  │ ▶ app-37              │ Unknown               │ 1 entry               │                      │
  │ ▶ app-38              │ Unknown               │ 1 entry               │                      │
  │ ▶ app-39              │ Unknown               │ 1 entry               │                      │
  │ ▶ app-40              │ Unknown               │ 1 entry               │                      │
  └───────────────────────┴───────────────────────┴───────────────────────┴──────────────────────┘


  / search  x actions  ctrl+u half page up  ctrl+d half page down  gg top  G bottom  Add app
  add entry  edit  delete  restore  install  quit