
    filter: on (showing 8 of 8 apps)  x action filter: off    /  vim
  ┌───────────────────────┬───────────────────────┬───────────────────────┬──────────────────────┐
  │ name ↑                │ status                │ info                  │ path                 │
  ├───────────────────────┼───────────────────────┼───────────────────────┼──────────────────────┤
  │ ▶ alacritty           │ Unknown               │ 1 entry               │                      │
  │ ▶ bash                │ Unknown               │ 1 entry               │                      │
  │ ▶ git                 │ Unknown               │ 1 entry               │                      │
  │ ▶ nvim                │ Unknown               │ 1 entry               │                      │
  │ ▶ tmux                │ Unknown               │ 1 entry               │                      │
  │ ▶ vim                 │ Unknown               │ 1 entry               │                      │
  │ ▶ vscode              │ Unknown               │ 1 entry               │                      │
  │ ▶ zsh                 │ Unknown               │ 1 entry               │                      │
  └───────────────────────┴───────────────────────┴───────────────────────┴──────────────────────┘


  / search  x actions  ctrl+u half page up  ctrl+d half page down  gg top  G bottom  Add app
  add entry  edit  delete  restore  foRce restore  ctrl+r refresh  install  quit